18:56:22 **** Incremental Build of configuration Debug for project Master ****
make -j8 all 
arm-none-eabi-gcc "../Core/Src/main.c" -mcpu=cortex-m4 -std=gnu11 -g3 -DDEBUG -DUSE_HAL_DRIVER -DSTM32F303xC -c -I../Core/Inc -I../Drivers/STM32F3xx_HAL_Driver/Inc/Legacy -I../Drivers/STM32F3xx_HAL_Driver/Inc -I../Drivers/CMSIS/Device/ST/STM32F3xx/Include -I../Drivers/CMSIS/Include -O0 -ffunction-sections -fdata-sections -Wall -fstack-usage -fcyclomatic-complexity -MMD -MP -MF"Core/Src/main.d" -MT"Core/Src/main.o" --specs=nano.specs -mfpu=fpv4-sp-d16 -mfloat-abi=hard -mthumb -o "Core/Src/main.o"
../Core/Src/main.c: In function 'main':
../Core/Src/main.c:138:36: warning: pointer targets in passing argument 2 of 'HAL_UART_Transmit' differ in signedness [-Wpointer-sign]
  138 |          HAL_UART_Transmit(&huart1,&MsgD,1, 15);
      |                                    ^~~~~
      |                                    |
      |                                    char *
In file included from ../Core/Inc/stm32f3xx_hal_conf.h:327,
                 from ../Drivers/STM32F3xx_HAL_Driver/Inc/stm32f3xx_hal.h:29,
                 from ../Core/Inc/main.h:30,
                 from ../Core/Src/main.c:20:
../Drivers/STM32F3xx_HAL_Driver/Inc/stm32f3xx_hal_uart.h:1486:79: note: expected 'const uint8_t *' {aka 'const unsigned char *'} but argument is of type 'char *'
 1486 | HAL_StatusTypeDef HAL_UART_Transmit(UART_HandleTypeDef *huart, const uint8_t *pData, uint16_t Size, uint32_t Timeout);
      |                                                                ~~~~~~~~~~~~~~~^~~~~
../Core/Src/main.c:131:8: warning: unused variable 'MsgTx4' [-Wunused-variable]
  131 |   char MsgTx4[50]="PIN_14 Spento";
      |        ^~~~~~
../Core/Src/main.c:130:8: warning: unused variable 'MsgTx3' [-Wunused-variable]
  130 |   char MsgTx3[50]="PIN_14 Acceso";
      |        ^~~~~~
../Core/Src/main.c:129:8: warning: unused variable 'MsgTx2' [-Wunused-variable]
  129 |   char MsgTx2[50]="PIN_15 Spento";
      |        ^~~~~~
../Core/Src/main.c:128:8: warning: unused variable 'MsgTx1' [-Wunused-variable]
  128 |   char MsgTx1[50]="PIN_15 Acceso";
      |        ^~~~~~
arm-none-eabi-gcc -o "Master.elf" @"objects.list"   -mcpu=cortex-m4 -T"C:\Users\Utente\Desktop\CSD\Schedino\WorkSpace\Esercizio13\Master\Master\STM32F303VCTX_FLASH.ld" --specs=nosys.specs -Wl,-Map="Master.map" -Wl,--gc-sections -static --specs=nano.specs -mfpu=fpv4-sp-d16 -mfloat-abi=hard -mthumb -Wl,--start-group -lc -lm -Wl,--end-group
Finished building target: Master.elf
 
arm-none-eabi-size   Master.elf 
arm-none-eabi-objdump -h -S  Master.elf  > "Master.list"
   text	   data	    bss	    dec	    hex	filename
  15780	     24	   1848	  17652	   44f4	Master.elf
Finished building: default.size.stdout
 
Finished building: Master.list
 

18:56:27 Build Finished. 0 errors, 5 warnings. (took 4s.844ms)

