19:04:13 **** Incremental Build of configuration Debug for project Master ****
make -j8 all 
arm-none-eabi-gcc "../Core/Src/main.c" -mcpu=cortex-m4 -std=gnu11 -g3 -DDEBUG -DUSE_HAL_DRIVER -DSTM32F303xC -c -I../Core/Inc -I../Drivers/STM32F3xx_HAL_Driver/Inc/Legacy -I../Drivers/STM32F3xx_HAL_Driver/Inc -I../Drivers/CMSIS/Device/ST/STM32F3xx/Include -I../Drivers/CMSIS/Include -O0 -ffunction-sections -fdata-sections -Wall -fstack-usage -fcyclomatic-complexity -MMD -MP -MF"Core/Src/main.d" -MT"Core/Src/main.o" --specs=nano.specs -mfpu=fpv4-sp-d16 -mfloat-abi=hard -mthumb -o "Core/Src/main.o"
arm-none-eabi-gcc "../Core/LIBR/fuzzy/fuzzy.c" -mcpu=cortex-m4 -std=gnu11 -g3 -DDEBUG -DUSE_HAL_DRIVER -DSTM32F303xC -c -I../Core/Inc -I../Drivers/STM32F3xx_HAL_Driver/Inc/Legacy -I../Drivers/STM32F3xx_HAL_Driver/Inc -I../Drivers/CMSIS/Device/ST/STM32F3xx/Include -I../Drivers/CMSIS/Include -O0 -ffunction-sections -fdata-sections -Wall -fstack-usage -fcyclomatic-complexity -MMD -MP -MF"Core/LIBR/fuzzy/fuzzy.d" -MT"Core/LIBR/fuzzy/fuzzy.o" --specs=nano.specs -mfpu=fpv4-sp-d16 -mfloat-abi=hard -mthumb -o "Core/LIBR/fuzzy/fuzzy.o"
arm-none-eabi-gcc "../Core/LIBR/Metodi/invio.c" -mcpu=cortex-m4 -std=gnu11 -g3 -DDEBUG -DUSE_HAL_DRIVER -DSTM32F303xC -c -I../Core/Inc -I../Drivers/STM32F3xx_HAL_Driver/Inc/Legacy -I../Drivers/STM32F3xx_HAL_Driver/Inc -I../Drivers/CMSIS/Device/ST/STM32F3xx/Include -I../Drivers/CMSIS/Include -O0 -ffunction-sections -fdata-sections -Wall -fstack-usage -fcyclomatic-complexity -MMD -MP -MF"Core/LIBR/Metodi/invio.d" -MT"Core/LIBR/Metodi/invio.o" --specs=nano.specs -mfpu=fpv4-sp-d16 -mfloat-abi=hard -mthumb -o "Core/LIBR/Metodi/invio.o"
In file included from ../Core/Src/../LIBR/Metodi/invio.h:8,
                 from ../Core/Src/main.c:24:
../Core/Inc/../LIBR/pid/pid.h:93: warning: ignoring '#pragma diag_suppress ' [-Wunknown-pragmas]
   93 |  #pragma diag_suppress 177     /* Disable 'unused function' warning */
      | 
../Core/Src/main.c:105:12: warning: data definition has no type or storage class
  105 | int modo=0;StatoC=0;
      |            ^~~~~~
../Core/Src/main.c:105:12: warning: type defaults to 'int' in declaration of 'StatoC' [-Wimplicit-int]
../Core/Src/main.c: In function 'HAL_GPIO_EXTI_Callback':
../Core/Src/main.c:110:69: warning: passing argument 1 of 'strlen' makes pointer from integer without a cast [-Wint-conversion]
  110 |                         HAL_UART_Transmit(&huart1, &StartRx, strlen(StartRx), HAL_MAX_DELAY);
      |                                                                     ^~~~~~~
      |                                                                     |
      |                                                                     char
In file included from ../Core/Src/main.c:22:
c:\st\stm32cubeide_1.12.0\stm32cubeide\plugins\com.st.stm32cube.ide.mcu.externaltools.gnu-tools-for-stm32.10.3-2021.10.win32_1.0.200.202301161003\tools\arm-none-eabi\include\string.h:41:17: note: expected 'const char *' but argument is of type 'char'
   41 | size_t  strlen (const char *);
      |                 ^~~~~~~~~~~~
../Core/Src/main.c:110:52: warning: pointer targets in passing argument 2 of 'HAL_UART_Transmit' differ in signedness [-Wpointer-sign]
  110 |                         HAL_UART_Transmit(&huart1, &StartRx, strlen(StartRx), HAL_MAX_DELAY);
      |                                                    ^~~~~~~~
      |                                                    |
      |                                                    char *
In file included from ../Core/Inc/stm32f3xx_hal_conf.h:327,
                 from ../Drivers/STM32F3xx_HAL_Driver/Inc/stm32f3xx_hal.h:29,
                 from ../Core/Inc/main.h:30,
                 from ../Core/Src/main.c:20:
../Drivers/STM32F3xx_HAL_Driver/Inc/stm32f3xx_hal_uart.h:1486:79: note: expected 'const uint8_t *' {aka 'const unsigned char *'} but argument is of type 'char *'
 1486 | HAL_StatusTypeDef HAL_UART_Transmit(UART_HandleTypeDef *huart, const uint8_t *pData, uint16_t Size, uint32_t Timeout);
      |                                                                ~~~~~~~~~~~~~~~^~~~~
../Core/Src/main.c:111:69: warning: passing argument 1 of 'strlen' makes pointer from integer without a cast [-Wint-conversion]
  111 |                         HAL_UART_Transmit(&huart2, &StartRx, strlen(StartRx), HAL_MAX_DELAY);
      |                                                                     ^~~~~~~
      |                                                                     |
      |                                                                     char
In file included from ../Core/Src/main.c:22:
c:\st\stm32cubeide_1.12.0\stm32cubeide\plugins\com.st.stm32cube.ide.mcu.externaltools.gnu-tools-for-stm32.10.3-2021.10.win32_1.0.200.202301161003\tools\arm-none-eabi\include\string.h:41:17: note: expected 'const char *' but argument is of type 'char'
   41 | size_t  strlen (const char *);
      |                 ^~~~~~~~~~~~
../Core/Src/main.c:111:52: warning: pointer targets in passing argument 2 of 'HAL_UART_Transmit' differ in signedness [-Wpointer-sign]
  111 |                         HAL_UART_Transmit(&huart2, &StartRx, strlen(StartRx), HAL_MAX_DELAY);
      |                                                    ^~~~~~~~
      |                                                    |
      |                                                    char *
In file included from ../Core/Inc/stm32f3xx_hal_conf.h:327,
                 from ../Drivers/STM32F3xx_HAL_Driver/Inc/stm32f3xx_hal.h:29,
                 from ../Core/Inc/main.h:30,
                 from ../Core/Src/main.c:20:
../Drivers/STM32F3xx_HAL_Driver/Inc/stm32f3xx_hal_uart.h:1486:79: note: expected 'const uint8_t *' {aka 'const unsigned char *'} but argument is of type 'char *'
 1486 | HAL_StatusTypeDef HAL_UART_Transmit(UART_HandleTypeDef *huart, const uint8_t *pData, uint16_t Size, uint32_t Timeout);
      |                                                                ~~~~~~~~~~~~~~~^~~~~
../Core/Src/main.c: In function 'HAL_UART_RxCpltCallback':
../Core/Src/main.c:142:22: warning: passing argument 1 of 'CutString' from incompatible pointer type [-Wincompatible-pointer-types]
  142 |      valS1=CutString(&rx_buffer);
      |                      ^~~~~~~~~~
      |                      |
      |                      uint8_t (*)[50] {aka unsigned char (*)[50]}
In file included from ../Core/Src/main.c:23:
../Core/Src/../LIBR/Metodi/ManageStr.h:25:27: note: expected 'char *' but argument is of type 'uint8_t (*)[50]' {aka 'unsigned char (*)[50]'}
   25 | Stringa_TypeDef CutString(char*);
      |                           ^~~~~
../Core/Src/main.c:158:33: warning: passing argument 1 of 'CutString' from incompatible pointer type [-Wincompatible-pointer-types]
  158 |                 valS1=CutString(&rx_buffer1);
      |                                 ^~~~~~~~~~~
      |                                 |
      |                                 uint8_t (*)[50] {aka unsigned char (*)[50]}
In file included from ../Core/Src/main.c:23:
../Core/Src/../LIBR/Metodi/ManageStr.h:25:27: note: expected 'char *' but argument is of type 'uint8_t (*)[50]' {aka 'unsigned char (*)[50]'}
   25 | Stringa_TypeDef CutString(char*);
      |                           ^~~~~
../Core/LIBR/fuzzy/fuzzy.c: In function 'membershipA':
../Core/LIBR/fuzzy/fuzzy.c:36:1: warning: control reaches end of non-void function [-Wreturn-type]
   36 | }
      | ^
../Core/LIBR/fuzzy/fuzzy.c: In function 'membershipB':
../Core/LIBR/fuzzy/fuzzy.c:46:1: warning: control reaches end of non-void function [-Wreturn-type]
   46 | }
      | ^
In file included from ../Core/LIBR/Metodi/invio.h:8,
                 from ../Core/LIBR/Metodi/invio.c:1:
../Core/Inc/../LIBR/pid/pid.h:93: warning: ignoring '#pragma diag_suppress ' [-Wunknown-pragmas]
   93 |  #pragma diag_suppress 177     /* Disable 'unused function' warning */
      | 
../Core/LIBR/Metodi/invio.c: In function 'invio_tx':
../Core/LIBR/Metodi/invio.c:11:2: warning: implicit declaration of function 'gcvt' [-Wimplicit-function-declaration]
   11 |  gcvt(temp0, sizeof(temp0), bufferT);
      |  ^~~~
arm-none-eabi-gcc -o "Master.elf" @"objects.list"   -mcpu=cortex-m4 -T"C:\Users\Utente\Desktop\CSD\Schedino\WorkSpace\Progetto\Master\Master2.0\Master\STM32F303VCTX_FLASH.ld" --specs=nosys.specs -Wl,-Map="Master.map" -Wl,--gc-sections -static --specs=nano.specs -mfpu=fpv4-sp-d16 -mfloat-abi=hard -mthumb -Wl,--start-group -lc -lm -Wl,--end-group
Finished building target: Master.elf
 
arm-none-eabi-size   Master.elf 
arm-none-eabi-objdump -h -S  Master.elf  > "Master.list"
   text	   data	    bss	    dec	    hex	filename
  41224	    500	   2296	  44020	   abf4	Master.elf
Finished building: default.size.stdout
 
Finished building: Master.list
 
