19:43:02 **** Incremental Build of configuration Debug for project Master ****
make -j8 all 
arm-none-eabi-gcc "../Core/Src/main.c" -mcpu=cortex-m4 -std=gnu11 -g3 -DDEBUG -DUSE_HAL_DRIVER -DSTM32F303xC -c -I../Core/Inc -I../Drivers/STM32F3xx_HAL_Driver/Inc/Legacy -I../Drivers/STM32F3xx_HAL_Driver/Inc -I../Drivers/CMSIS/Device/ST/STM32F3xx/Include -I../Drivers/CMSIS/Include -O0 -ffunction-sections -fdata-sections -Wall -fstack-usage -fcyclomatic-complexity -MMD -MP -MF"Core/Src/main.d" -MT"Core/Src/main.o" --specs=nano.specs -mfpu=fpv4-sp-d16 -mfloat-abi=hard -mthumb -o "Core/Src/main.o"
../Core/Src/main.c: In function 'HAL_UART_RxCpltCallback':
../Core/Src/main.c:97:24: warning: passing argument 1 of 'CutString' from incompatible pointer type [-Wincompatible-pointer-types]
   97 |        valS1=CutString(&rx_buffer);
      |                        ^~~~~~~~~~
      |                        |
      |                        uint8_t (*)[50] {aka unsigned char (*)[50]}
In file included from ../Core/Src/main.c:23:
../Core/Src/../LIBR/Metodi/ManageStr.h:25:27: note: expected 'char *' but argument is of type 'uint8_t (*)[50]' {aka 'unsigned char (*)[50]'}
   25 | Stringa_TypeDef CutString(char*);
      |                           ^~~~~
../Core/Src/main.c:112:33: warning: passing argument 1 of 'CutString' from incompatible pointer type [-Wincompatible-pointer-types]
  112 |                 valS1=CutString(&rx_buffer1);
      |                                 ^~~~~~~~~~~
      |                                 |
      |                                 uint8_t (*)[50] {aka unsigned char (*)[50]}
In file included from ../Core/Src/main.c:23:
../Core/Src/../LIBR/Metodi/ManageStr.h:25:27: note: expected 'char *' but argument is of type 'uint8_t (*)[50]' {aka 'unsigned char (*)[50]'}
   25 | Stringa_TypeDef CutString(char*);
      |                           ^~~~~
../Core/Src/main.c: In function 'main':
../Core/Src/main.c:172:7: warning: implicit declaration of function 'gcvt' [-Wimplicit-function-declaration]
  172 |       gcvt(Temp, sizeof(Temp),bufferH);
      |       ^~~~
../Core/Src/main.c:174:12: error: cannot convert to a pointer type
  174 |            HAL_UART_Transmit(&huart1, (uint8_t*)Temp, sizeof(Temp), HAL_MAX_DELAY);
      |            ^~~~~~~~~~~~~~~~~
../Core/Src/main.c:171:16: warning: unused variable 'Hmdy' [-Wunused-variable]
  171 |          float Hmdy=(hmdy0+hmdy1)/2;
      |                ^~~~
../Core/Src/main.c:164:20: warning: unused variable 'bufferT' [-Wunused-variable]
  164 |   char bufferH[10],bufferT[10];
      |                    ^~~~~~~
make: *** [Core/Src/subdir.mk:34: Core/Src/main.o] Error 1
"make -j8 all" terminated with exit code 2. Build might be incomplete.
19:43:07 **** Incremental Build of configuration Debug for project Master ****
make -j8 all 
arm-none-eabi-gcc "../Core/Src/main.c" -mcpu=cortex-m4 -std=gnu11 -g3 -DDEBUG -DUSE_HAL_DRIVER -DSTM32F303xC -c -I../Core/Inc -I../Drivers/STM32F3xx_HAL_Driver/Inc/Legacy -I../Drivers/STM32F3xx_HAL_Driver/Inc -I../Drivers/CMSIS/Device/ST/STM32F3xx/Include -I../Drivers/CMSIS/Include -O0 -ffunction-sections -fdata-sections -Wall -fstack-usage -fcyclomatic-complexity -MMD -MP -MF"Core/Src/main.d" -MT"Core/Src/main.o" --specs=nano.specs -mfpu=fpv4-sp-d16 -mfloat-abi=hard -mthumb -o "Core/Src/main.o"
../Core/Src/main.c: In function 'HAL_UART_RxCpltCallback':
../Core/Src/main.c:97:24: warning: passing argument 1 of 'CutString' from incompatible pointer type [-Wincompatible-pointer-types]
   97 |        valS1=CutString(&rx_buffer);
      |                        ^~~~~~~~~~
      |                        |
      |                        uint8_t (*)[50] {aka unsigned char (*)[50]}
In file included from ../Core/Src/main.c:23:
../Core/Src/../LIBR/Metodi/ManageStr.h:25:27: note: expected 'char *' but argument is of type 'uint8_t (*)[50]' {aka 'unsigned char (*)[50]'}
   25 | Stringa_TypeDef CutString(char*);
      |                           ^~~~~
../Core/Src/main.c:112:33: warning: passing argument 1 of 'CutString' from incompatible pointer type [-Wincompatible-pointer-types]
  112 |                 valS1=CutString(&rx_buffer1);
      |                                 ^~~~~~~~~~~
      |                                 |
      |                                 uint8_t (*)[50] {aka unsigned char (*)[50]}
In file included from ../Core/Src/main.c:23:
../Core/Src/../LIBR/Metodi/ManageStr.h:25:27: note: expected 'char *' but argument is of type 'uint8_t (*)[50]' {aka 'unsigned char (*)[50]'}
   25 | Stringa_TypeDef CutString(char*);
      |                           ^~~~~
../Core/Src/main.c: In function 'main':
../Core/Src/main.c:172:7: warning: implicit declaration of function 'gcvt' [-Wimplicit-function-declaration]
  172 |       gcvt(Temp, sizeof(Temp),bufferH);
      |       ^~~~
../Core/Src/main.c:174:12: error: cannot convert to a pointer type
  174 |            HAL_UART_Transmit(&huart1, (uint8_t*)Temp, sizeof(Temp), HAL_MAX_DELAY);
      |            ^~~~~~~~~~~~~~~~~
../Core/Src/main.c:171:16: warning: unused variable 'Hmdy' [-Wunused-variable]
  171 |          float Hmdy=(hmdy0+hmdy1)/2;
      |                ^~~~
../Core/Src/main.c:164:20: warning: unused variable 'bufferT' [-Wunused-variable]
  164 |   char bufferH[10],bufferT[10];
      |                    ^~~~~~~
make: *** [Core/Src/subdir.mk:34: Core/Src/main.o] Error 1
"make -j8 all" terminated with exit code 2. Build might be incomplete.
19:43:27 **** Incremental Build of configuration Debug for project Master ****
make -j8 all 
arm-none-eabi-gcc "../Core/Src/main.c" -mcpu=cortex-m4 -std=gnu11 -g3 -DDEBUG -DUSE_HAL_DRIVER -DSTM32F303xC -c -I../Core/Inc -I../Drivers/STM32F3xx_HAL_Driver/Inc/Legacy -I../Drivers/STM32F3xx_HAL_Driver/Inc -I../Drivers/CMSIS/Device/ST/STM32F3xx/Include -I../Drivers/CMSIS/Include -O0 -ffunction-sections -fdata-sections -Wall -fstack-usage -fcyclomatic-complexity -MMD -MP -MF"Core/Src/main.d" -MT"Core/Src/main.o" --specs=nano.specs -mfpu=fpv4-sp-d16 -mfloat-abi=hard -mthumb -o "Core/Src/main.o"
../Core/Src/main.c: In function 'HAL_UART_RxCpltCallback':
../Core/Src/main.c:97:24: warning: passing argument 1 of 'CutString' from incompatible pointer type [-Wincompatible-pointer-types]
   97 |        valS1=CutString(&rx_buffer);
      |                        ^~~~~~~~~~
      |                        |
      |                        uint8_t (*)[50] {aka unsigned char (*)[50]}
In file included from ../Core/Src/main.c:23:
../Core/Src/../LIBR/Metodi/ManageStr.h:25:27: note: expected 'char *' but argument is of type 'uint8_t (*)[50]' {aka 'unsigned char (*)[50]'}
   25 | Stringa_TypeDef CutString(char*);
      |                           ^~~~~
../Core/Src/main.c:112:33: warning: passing argument 1 of 'CutString' from incompatible pointer type [-Wincompatible-pointer-types]
  112 |                 valS1=CutString(&rx_buffer1);
      |                                 ^~~~~~~~~~~
      |                                 |
      |                                 uint8_t (*)[50] {aka unsigned char (*)[50]}
In file included from ../Core/Src/main.c:23:
../Core/Src/../LIBR/Metodi/ManageStr.h:25:27: note: expected 'char *' but argument is of type 'uint8_t (*)[50]' {aka 'unsigned char (*)[50]'}
   25 | Stringa_TypeDef CutString(char*);
      |                           ^~~~~
../Core/Src/main.c: In function 'main':
../Core/Src/main.c:172:7: warning: implicit declaration of function 'gcvt' [-Wimplicit-function-declaration]
  172 |       gcvt(Hmdy, sizeof(Hmdy),bufferH);
      |       ^~~~
../Core/Src/main.c:170:16: warning: unused variable 'Temp' [-Wunused-variable]
  170 |          float Temp=(temp0+temp1)/2;
      |                ^~~~
../Core/Src/main.c:164:20: warning: unused variable 'bufferT' [-Wunused-variable]
  164 |   char bufferH[10],bufferT[10];
      |                    ^~~~~~~
arm-none-eabi-gcc -o "Master.elf" @"objects.list"   -mcpu=cortex-m4 -T"C:\Users\Utente\Desktop\CSD\Schedino\WorkSpace\Progetto\Master\Master\Master\STM32F303VCTX_FLASH.ld" --specs=nosys.specs -Wl,-Map="Master.map" -Wl,--gc-sections -static --specs=nano.specs -mfpu=fpv4-sp-d16 -mfloat-abi=hard -mthumb -Wl,--start-group -lc -lm -Wl,--end-group
Finished building target: Master.elf
 
arm-none-eabi-size   Master.elf 
arm-none-eabi-objdump -h -S  Master.elf  > "Master.list"
   text	   data	    bss	    dec	    hex	filename
  36156	    488	   2024	  38668	   970c	Master.elf
Finished building: default.size.stdout
 
Finished building: Master.list
 
19:46:30 **** Incremental Build of configuration Debug for project Master ****
make -j8 all 
arm-none-eabi-gcc "../Core/Src/main.c" -mcpu=cortex-m4 -std=gnu11 -g3 -DDEBUG -DUSE_HAL_DRIVER -DSTM32F303xC -c -I../Core/Inc -I../Drivers/STM32F3xx_HAL_Driver/Inc/Legacy -I../Drivers/STM32F3xx_HAL_Driver/Inc -I../Drivers/CMSIS/Device/ST/STM32F3xx/Include -I../Drivers/CMSIS/Include -O0 -ffunction-sections -fdata-sections -Wall -fstack-usage -fcyclomatic-complexity -MMD -MP -MF"Core/Src/main.d" -MT"Core/Src/main.o" --specs=nano.specs -mfpu=fpv4-sp-d16 -mfloat-abi=hard -mthumb -o "Core/Src/main.o"
../Core/Src/main.c: In function 'HAL_UART_RxCpltCallback':
../Core/Src/main.c:97:24: warning: passing argument 1 of 'CutString' from incompatible pointer type [-Wincompatible-pointer-types]
   97 |        valS1=CutString(&rx_buffer);
      |                        ^~~~~~~~~~
      |                        |
      |                        uint8_t (*)[50] {aka unsigned char (*)[50]}
In file included from ../Core/Src/main.c:23:
../Core/Src/../LIBR/Metodi/ManageStr.h:25:27: note: expected 'char *' but argument is of type 'uint8_t (*)[50]' {aka 'unsigned char (*)[50]'}
   25 | Stringa_TypeDef CutString(char*);
      |                           ^~~~~
../Core/Src/main.c:112:33: warning: passing argument 1 of 'CutString' from incompatible pointer type [-Wincompatible-pointer-types]
  112 |                 valS1=CutString(&rx_buffer1);
      |                                 ^~~~~~~~~~~
      |                                 |
      |                                 uint8_t (*)[50] {aka unsigned char (*)[50]}
In file included from ../Core/Src/main.c:23:
../Core/Src/../LIBR/Metodi/ManageStr.h:25:27: note: expected 'char *' but argument is of type 'uint8_t (*)[50]' {aka 'unsigned char (*)[50]'}
   25 | Stringa_TypeDef CutString(char*);
      |                           ^~~~~
../Core/Src/main.c: In function 'main':
../Core/Src/main.c:189:25: warning: implicit declaration of function 'gcvt' [-Wimplicit-function-declaration]
  189 |                         gcvt(Temp, sizeof(Temp), bufferT);
      |                         ^~~~
arm-none-eabi-gcc -o "Master.elf" @"objects.list"   -mcpu=cortex-m4 -T"C:\Users\Utente\Desktop\CSD\Schedino\WorkSpace\Progetto\Master\Master\Master\STM32F303VCTX_FLASH.ld" --specs=nosys.specs -Wl,-Map="Master.map" -Wl,--gc-sections -static --specs=nano.specs -mfpu=fpv4-sp-d16 -mfloat-abi=hard -mthumb -Wl,--start-group -lc -lm -Wl,--end-group
Finished building target: Master.elf
 
arm-none-eabi-size   Master.elf 
arm-none-eabi-objdump -h -S  Master.elf  > "Master.list"
   text	   data	    bss	    dec	    hex	filename
  37568	    488	   2024	  40080	   9c90	Master.elf
Finished building: default.size.stdout
 
Finished building: Master.list
 
11:09:25 **** Incremental Build of configuration Debug for project Master ****
make -j8 all 
arm-none-eabi-size   Master.elf 
   text	   data	    bss	    dec	    hex	filename
  37568	    488	   2024	  40080	   9c90	Master.elf
Finished building: default.size.stdout
 
11:10:28 **** Incremental Build of configuration Debug for project Master ****
make -j8 all 
arm-none-eabi-size   Master.elf 
   text	   data	    bss	    dec	    hex	filename
  37568	    488	   2024	  40080	   9c90	Master.elf
Finished building: default.size.stdout
 
