17:01:20 **** Incremental Build of configuration Debug for project prova ****
make -j8 all 
arm-none-eabi-gcc "../Core/Src/main.c" -mcpu=cortex-m4 -std=gnu11 -g3 -DDEBUG -DUSE_HAL_DRIVER -DSTM32F303xC -c -I../Core/Inc -I../Drivers/STM32F3xx_HAL_Driver/Inc/Legacy -I../Drivers/STM32F3xx_HAL_Driver/Inc -I../Drivers/CMSIS/Device/ST/STM32F3xx/Include -I../Drivers/CMSIS/Include -O0 -ffunction-sections -fdata-sections -Wall -fstack-usage -fcyclomatic-complexity -MMD -MP -MF"Core/Src/main.d" -MT"Core/Src/main.o" --specs=nano.specs -mfpu=fpv4-sp-d16 -mfloat-abi=hard -mthumb -o "Core/Src/main.o"
../Core/Src/main.c: In function 'main':
../Core/Src/main.c:94:12: warning: variable 'adc_value' set but not used [-Wunused-but-set-variable]
   94 |   uint32_t adc_value = 0;
      |            ^~~~~~~~~
arm-none-eabi-gcc -o "prova.elf" @"objects.list"   -mcpu=cortex-m4 -T"C:\Users\Utente\Desktop\CSD\Schedino\WorkSpace\Esercizio8\prova\STM32F303VCTX_FLASH.ld" --specs=nosys.specs -Wl,-Map="prova.map" -Wl,--gc-sections -static --specs=nano.specs -mfpu=fpv4-sp-d16 -mfloat-abi=hard -mthumb -Wl,--start-group -lc -lm -Wl,--end-group
Finished building target: prova.elf
 
arm-none-eabi-size   prova.elf 
arm-none-eabi-objdump -h -S  prova.elf  > "prova.list"
   text	   data	    bss	    dec	    hex	filename
  14144	     20	   1652	  15816	   3dc8	prova.elf
Finished building: default.size.stdout
 
Finished building: prova.list
 
17:01:55 **** Incremental Build of configuration Debug for project prova ****
make -j8 all 
arm-none-eabi-size   prova.elf 
   text	   data	    bss	    dec	    hex	filename
  14144	     20	   1652	  15816	   3dc8	prova.elf
Finished building: default.size.stdout
 
17:02:05 **** Incremental Build of configuration Debug for project prova ****
make -j8 all 
arm-none-eabi-size   prova.elf 
   text	   data	    bss	    dec	    hex	filename
  14144	     20	   1652	  15816	   3dc8	prova.elf
Finished building: default.size.stdout
 
17:02:28 **** Incremental Build of configuration Debug for project prova ****
make -j8 all 
arm-none-eabi-size   prova.elf 
   text	   data	    bss	    dec	    hex	filename
  14144	     20	   1652	  15816	   3dc8	prova.elf
Finished building: default.size.stdout
 
17:14:15 **** Incremental Build of configuration Debug for project prova ****
make -j8 all 
arm-none-eabi-size   prova.elf 
   text	   data	    bss	    dec	    hex	filename
  14144	     20	   1652	  15816	   3dc8	prova.elf
Finished building: default.size.stdout
 
17:14:47 **** Incremental Build of configuration Debug for project prova ****
make -j8 all 
arm-none-eabi-size   prova.elf 
   text	   data	    bss	    dec	    hex	filename
  14144	     20	   1652	  15816	   3dc8	prova.elf
Finished building: default.size.stdout
 
17:18:14 **** Incremental Build of configuration Debug for project prova ****
make -j8 all 
arm-none-eabi-gcc "../Core/Src/main.c" -mcpu=cortex-m4 -std=gnu11 -g3 -DDEBUG -DUSE_HAL_DRIVER -DSTM32F303xC -c -I../Core/Inc -I../Drivers/STM32F3xx_HAL_Driver/Inc/Legacy -I../Drivers/STM32F3xx_HAL_Driver/Inc -I../Drivers/CMSIS/Device/ST/STM32F3xx/Include -I../Drivers/CMSIS/Include -O0 -ffunction-sections -fdata-sections -Wall -fstack-usage -fcyclomatic-complexity -MMD -MP -MF"Core/Src/main.d" -MT"Core/Src/main.o" --specs=nano.specs -mfpu=fpv4-sp-d16 -mfloat-abi=hard -mthumb -o "Core/Src/main.o"
arm-none-eabi-gcc -o "prova.elf" @"objects.list"   -mcpu=cortex-m4 -T"C:\Users\Utente\Desktop\CSD\Schedino\WorkSpace\Esercizio8\prova\STM32F303VCTX_FLASH.ld" --specs=nosys.specs -Wl,-Map="prova.map" -Wl,--gc-sections -static --specs=nano.specs -mfpu=fpv4-sp-d16 -mfloat-abi=hard -mthumb -Wl,--start-group -lc -lm -Wl,--end-group
Finished building target: prova.elf
 
arm-none-eabi-size   prova.elf 
arm-none-eabi-objdump -h -S  prova.elf  > "prova.list"
   text	   data	    bss	    dec	    hex	filename
  14188	     20	   1652	  15860	   3df4	prova.elf
Finished building: default.size.stdout
 
Finished building: prova.list
 
17:19:28 **** Incremental Build of configuration Debug for project prova ****
make -j8 all 
arm-none-eabi-size   prova.elf 
   text	   data	    bss	    dec	    hex	filename
  14188	     20	   1652	  15860	   3df4	prova.elf
Finished building: default.size.stdout
 
17:34:41 **** Incremental Build of configuration Debug for project prova ****
make -j8 all 
arm-none-eabi-size   prova.elf 
   text	   data	    bss	    dec	    hex	filename
  14188	     20	   1652	  15860	   3df4	prova.elf
Finished building: default.size.stdout
 
17:34:52 **** Incremental Build of configuration Debug for project prova ****
make -j8 all 
arm-none-eabi-size   prova.elf 
   text	   data	    bss	    dec	    hex	filename
  14188	     20	   1652	  15860	   3df4	prova.elf
Finished building: default.size.stdout
 
