../Core/Src/main.c:126:6:HAL_GPIO_EXTI_Callback	16	static
../Core/Src/main.c:182:6:HAL_UART_RxCpltCallback	16	static
../Core/Src/main.c:247:5:main	272	static
../Core/Src/main.c:368:6:SystemClock_Config	128	static
../Core/Src/main.c:415:13:MX_TIM16_Init	8	static
../Core/Src/main.c:447:13:MX_UART4_Init	8	static
../Core/Src/main.c:482:13:MX_USART1_UART_Init	8	static
../Core/Src/main.c:517:13:MX_USART2_UART_Init	8	static
../Core/Src/main.c:552:13:MX_GPIO_Init	40	static
../Core/Src/main.c:598:6:Error_Handler	4	static,ignoring_inline_asm
