17:47:41 **** Incremental Build of configuration Debug for project Timer ****
make -j8 all 
arm-none-eabi-size   Timer.elf 
   text	   data	    bss	    dec	    hex	filename
  13356	     20	   1724	  15100	   3afc	Timer.elf
Finished building: default.size.stdout
 
17:47:45 **** Incremental Build of configuration Debug for project Timer ****
make -j8 all 
arm-none-eabi-size   Timer.elf 
   text	   data	    bss	    dec	    hex	filename
  13356	     20	   1724	  15100	   3afc	Timer.elf
Finished building: default.size.stdout
 
17:48:28 **** Incremental Build of configuration Debug for project Timer ****
make -j8 all 
arm-none-eabi-size   Timer.elf 
   text	   data	    bss	    dec	    hex	filename
  13356	     20	   1724	  15100	   3afc	Timer.elf
Finished building: default.size.stdout
 
17:49:43 **** Incremental Build of configuration Debug for project Timer ****
make -j8 all 
arm-none-eabi-gcc "../Core/Src/main.c" -mcpu=cortex-m4 -std=gnu11 -g3 -DDEBUG -DUSE_HAL_DRIVER -DSTM32F303xC -c -I../Core/Inc -I../Drivers/STM32F3xx_HAL_Driver/Inc/Legacy -I../Drivers/STM32F3xx_HAL_Driver/Inc -I../Drivers/CMSIS/Device/ST/STM32F3xx/Include -I../Drivers/CMSIS/Include -O0 -ffunction-sections -fdata-sections -Wall -fstack-usage -fcyclomatic-complexity -MMD -MP -MF"Core/Src/main.d" -MT"Core/Src/main.o" --specs=nano.specs -mfpu=fpv4-sp-d16 -mfloat-abi=hard -mthumb -o "Core/Src/main.o"
arm-none-eabi-gcc -o "Timer.elf" @"objects.list"   -mcpu=cortex-m4 -T"C:\Users\Utente\Desktop\CSD\Schedino\WorkSpace\Esercizio7\Timer\STM32F303VCTX_FLASH.ld" --specs=nosys.specs -Wl,-Map="Timer.map" -Wl,--gc-sections -static --specs=nano.specs -mfpu=fpv4-sp-d16 -mfloat-abi=hard -mthumb -Wl,--start-group -lc -lm -Wl,--end-group
Finished building target: Timer.elf
 
arm-none-eabi-size   Timer.elf 
arm-none-eabi-objdump -h -S  Timer.elf  > "Timer.list"
   text	   data	    bss	    dec	    hex	filename
  13584	     20	   1724	  15328	   3be0	Timer.elf
Finished building: default.size.stdout
 
Finished building: Timer.list
 
17:51:13 **** Incremental Build of configuration Debug for project Timer ****
make -j8 all 
arm-none-eabi-gcc "../Core/Src/main.c" -mcpu=cortex-m4 -std=gnu11 -g3 -DDEBUG -DUSE_HAL_DRIVER -DSTM32F303xC -c -I../Core/Inc -I../Drivers/STM32F3xx_HAL_Driver/Inc/Legacy -I../Drivers/STM32F3xx_HAL_Driver/Inc -I../Drivers/CMSIS/Device/ST/STM32F3xx/Include -I../Drivers/CMSIS/Include -O0 -ffunction-sections -fdata-sections -Wall -fstack-usage -fcyclomatic-complexity -MMD -MP -MF"Core/Src/main.d" -MT"Core/Src/main.o" --specs=nano.specs -mfpu=fpv4-sp-d16 -mfloat-abi=hard -mthumb -o "Core/Src/main.o"
arm-none-eabi-gcc -o "Timer.elf" @"objects.list"   -mcpu=cortex-m4 -T"C:\Users\Utente\Desktop\CSD\Schedino\WorkSpace\Esercizio7\Timer\STM32F303VCTX_FLASH.ld" --specs=nosys.specs -Wl,-Map="Timer.map" -Wl,--gc-sections -static --specs=nano.specs -mfpu=fpv4-sp-d16 -mfloat-abi=hard -mthumb -Wl,--start-group -lc -lm -Wl,--end-group
Finished building target: Timer.elf
 
arm-none-eabi-size   Timer.elf 
arm-none-eabi-objdump -h -S  Timer.elf  > "Timer.list"
   text	   data	    bss	    dec	    hex	filename
  13632	     20	   1724	  15376	   3c10	Timer.elf
Finished building: default.size.stdout
 
Finished building: Timer.list
 
17:51:57 **** Incremental Build of configuration Debug for project Timer ****
make -j8 all 
arm-none-eabi-size   Timer.elf 
   text	   data	    bss	    dec	    hex	filename
  13632	     20	   1724	  15376	   3c10	Timer.elf
Finished building: default.size.stdout
 
17:52:40 **** Incremental Build of configuration Debug for project Timer ****
make -j8 all 
arm-none-eabi-size   Timer.elf 
   text	   data	    bss	    dec	    hex	filename
  13632	     20	   1724	  15376	   3c10	Timer.elf
Finished building: default.size.stdout
 
17:57:08 **** Incremental Build of configuration Debug for project Timer ****
make -j8 all 
arm-none-eabi-gcc "../Core/Src/main.c" -mcpu=cortex-m4 -std=gnu11 -g3 -DDEBUG -DUSE_HAL_DRIVER -DSTM32F303xC -c -I../Core/Inc -I../Drivers/STM32F3xx_HAL_Driver/Inc/Legacy -I../Drivers/STM32F3xx_HAL_Driver/Inc -I../Drivers/CMSIS/Device/ST/STM32F3xx/Include -I../Drivers/CMSIS/Include -O0 -ffunction-sections -fdata-sections -Wall -fstack-usage -fcyclomatic-complexity -MMD -MP -MF"Core/Src/main.d" -MT"Core/Src/main.o" --specs=nano.specs -mfpu=fpv4-sp-d16 -mfloat-abi=hard -mthumb -o "Core/Src/main.o"
../Core/Src/main.c: In function 'HAL_TIM_PeriodElapsedCallback':
../Core/Src/main.c:82:5: warning: 'main' is normally a non-static function [-Wmain]
   82 | int main(void)
      |     ^~~~
../Core/Src/main.c:172:13: error: invalid storage class for function 'MX_TIM2_Init'
  172 | static void MX_TIM2_Init(void)
      |             ^~~~~~~~~~~~
../Core/Src/main.c:237:13: error: invalid storage class for function 'MX_TIM8_Init'
  237 | static void MX_TIM8_Init(void)
      |             ^~~~~~~~~~~~
../Core/Src/main.c:304:13: error: invalid storage class for function 'MX_GPIO_Init'
  304 | static void MX_GPIO_Init(void)
      |             ^~~~~~~~~~~~
../Core/Src/main.c:346:1: error: expected declaration or statement at end of input
  346 | }
      | ^
../Core/Src/main.c: At top level:
../Core/Src/main.c:52:13: warning: 'MX_GPIO_Init' used but never defined
   52 | static void MX_GPIO_Init(void);
      |             ^~~~~~~~~~~~
../Core/Src/main.c:53:13: warning: 'MX_TIM2_Init' used but never defined
   53 | static void MX_TIM2_Init(void);
      |             ^~~~~~~~~~~~
../Core/Src/main.c:54:13: warning: 'MX_TIM8_Init' used but never defined
   54 | static void MX_TIM8_Init(void);
      |             ^~~~~~~~~~~~
../Core/Src/main.c:337:6: warning: 'Error_Handler' defined but not used [-Wunused-function]
  337 | void Error_Handler(void)
      |      ^~~~~~~~~~~~~
../Core/Src/main.c:304:13: warning: 'MX_GPIO_Init' defined but not used [-Wunused-function]
  304 | static void MX_GPIO_Init(void)
      |             ^~~~~~~~~~~~
../Core/Src/main.c:237:13: warning: 'MX_TIM8_Init' defined but not used [-Wunused-function]
  237 | static void MX_TIM8_Init(void)
      |             ^~~~~~~~~~~~
../Core/Src/main.c:172:13: warning: 'MX_TIM2_Init' defined but not used [-Wunused-function]
  172 | static void MX_TIM2_Init(void)
      |             ^~~~~~~~~~~~
../Core/Src/main.c:128:6: warning: 'SystemClock_Config' defined but not used [-Wunused-function]
  128 | void SystemClock_Config(void)
      |      ^~~~~~~~~~~~~~~~~~
../Core/Src/main.c:82:5: warning: 'main' defined but not used [-Wunused-function]
   82 | int main(void)
      |     ^~~~
make: *** [Core/Src/subdir.mk:34: Core/Src/main.o] Error 1
"make -j8 all" terminated with exit code 2. Build might be incomplete.
17:57:30 **** Incremental Build of configuration Debug for project Timer ****
make -j8 all 
arm-none-eabi-gcc "../Core/Src/main.c" -mcpu=cortex-m4 -std=gnu11 -g3 -DDEBUG -DUSE_HAL_DRIVER -DSTM32F303xC -c -I../Core/Inc -I../Drivers/STM32F3xx_HAL_Driver/Inc/Legacy -I../Drivers/STM32F3xx_HAL_Driver/Inc -I../Drivers/CMSIS/Device/ST/STM32F3xx/Include -I../Drivers/CMSIS/Include -O0 -ffunction-sections -fdata-sections -Wall -fstack-usage -fcyclomatic-complexity -MMD -MP -MF"Core/Src/main.d" -MT"Core/Src/main.o" --specs=nano.specs -mfpu=fpv4-sp-d16 -mfloat-abi=hard -mthumb -o "Core/Src/main.o"
arm-none-eabi-gcc -o "Timer.elf" @"objects.list"   -mcpu=cortex-m4 -T"C:\Users\Utente\Desktop\CSD\Schedino\WorkSpace\Esercizio7\Timer\STM32F303VCTX_FLASH.ld" --specs=nosys.specs -Wl,-Map="Timer.map" -Wl,--gc-sections -static --specs=nano.specs -mfpu=fpv4-sp-d16 -mfloat-abi=hard -mthumb -Wl,--start-group -lc -lm -Wl,--end-group
Finished building target: Timer.elf
 
arm-none-eabi-size   Timer.elf 
arm-none-eabi-objdump -h -S  Timer.elf  > "Timer.list"
   text	   data	    bss	    dec	    hex	filename
  13344	     20	   1724	  15088	   3af0	Timer.elf
Finished building: default.size.stdout
 
Finished building: Timer.list
 
17:57:59 **** Incremental Build of configuration Debug for project Timer ****
make -j8 all 
arm-none-eabi-gcc "../Core/Src/main.c" -mcpu=cortex-m4 -std=gnu11 -g3 -DDEBUG -DUSE_HAL_DRIVER -DSTM32F303xC -c -I../Core/Inc -I../Drivers/STM32F3xx_HAL_Driver/Inc/Legacy -I../Drivers/STM32F3xx_HAL_Driver/Inc -I../Drivers/CMSIS/Device/ST/STM32F3xx/Include -I../Drivers/CMSIS/Include -O0 -ffunction-sections -fdata-sections -Wall -fstack-usage -fcyclomatic-complexity -MMD -MP -MF"Core/Src/main.d" -MT"Core/Src/main.o" --specs=nano.specs -mfpu=fpv4-sp-d16 -mfloat-abi=hard -mthumb -o "Core/Src/main.o"
arm-none-eabi-gcc -o "Timer.elf" @"objects.list"   -mcpu=cortex-m4 -T"C:\Users\Utente\Desktop\CSD\Schedino\WorkSpace\Esercizio7\Timer\STM32F303VCTX_FLASH.ld" --specs=nosys.specs -Wl,-Map="Timer.map" -Wl,--gc-sections -static --specs=nano.specs -mfpu=fpv4-sp-d16 -mfloat-abi=hard -mthumb -Wl,--start-group -lc -lm -Wl,--end-group
Finished building target: Timer.elf
 
arm-none-eabi-size   Timer.elf 
arm-none-eabi-objdump -h -S  Timer.elf  > "Timer.list"
   text	   data	    bss	    dec	    hex	filename
  13404	     20	   1724	  15148	   3b2c	Timer.elf
Finished building: default.size.stdout
 
Finished building: Timer.list
 
17:59:08 **** Incremental Build of configuration Debug for project Timer ****
make -j8 all 
arm-none-eabi-gcc "../Core/Src/main.c" -mcpu=cortex-m4 -std=gnu11 -g3 -DDEBUG -DUSE_HAL_DRIVER -DSTM32F303xC -c -I../Core/Inc -I../Drivers/STM32F3xx_HAL_Driver/Inc/Legacy -I../Drivers/STM32F3xx_HAL_Driver/Inc -I../Drivers/CMSIS/Device/ST/STM32F3xx/Include -I../Drivers/CMSIS/Include -O0 -ffunction-sections -fdata-sections -Wall -fstack-usage -fcyclomatic-complexity -MMD -MP -MF"Core/Src/main.d" -MT"Core/Src/main.o" --specs=nano.specs -mfpu=fpv4-sp-d16 -mfloat-abi=hard -mthumb -o "Core/Src/main.o"
arm-none-eabi-gcc -o "Timer.elf" @"objects.list"   -mcpu=cortex-m4 -T"C:\Users\Utente\Desktop\CSD\Schedino\WorkSpace\Esercizio7\Timer\STM32F303VCTX_FLASH.ld" --specs=nosys.specs -Wl,-Map="Timer.map" -Wl,--gc-sections -static --specs=nano.specs -mfpu=fpv4-sp-d16 -mfloat-abi=hard -mthumb -Wl,--start-group -lc -lm -Wl,--end-group
Finished building target: Timer.elf
 
arm-none-eabi-size   Timer.elf 
arm-none-eabi-objdump -h -S  Timer.elf  > "Timer.list"
   text	   data	    bss	    dec	    hex	filename
  13632	     20	   1724	  15376	   3c10	Timer.elf
Finished building: default.size.stdout
 
Finished building: Timer.list
 
