16:36:04 **** Incremental Build of configuration Debug for project Slave ****
make -j8 all 
arm-none-eabi-gcc "../Core/Src/main.c" -mcpu=cortex-m4 -std=gnu11 -g3 -DDEBUG -DUSE_HAL_DRIVER -DSTM32F303xC -c -I../Core/Inc -I../Drivers/STM32F3xx_HAL_Driver/Inc -I../Drivers/STM32F3xx_HAL_Driver/Inc/Legacy -I../Drivers/CMSIS/Device/ST/STM32F3xx/Include -I../Drivers/CMSIS/Include -O0 -ffunction-sections -fdata-sections -Wall -fstack-usage -fcyclomatic-complexity -MMD -MP -MF"Core/Src/main.d" -MT"Core/Src/main.o" --specs=nano.specs -mfpu=fpv4-sp-d16 -mfloat-abi=hard -mthumb -o "Core/Src/main.o"
../Core/Src/main.c: In function 'HAL_UART_RxCpltCallback':
../Core/Src/main.c:94:35: warning: pointer targets in passing argument 2 of 'HAL_UART_Receive_IT' differ in signedness [-Wpointer-sign]
   94 |  if (HAL_UART_Receive_IT(&huart1, &msgRx, 1) == HAL_OK && msgRx==one) {
      |                                   ^~~~~~
      |                                   |
      |                                   char *
In file included from ../Core/Inc/stm32f3xx_hal_conf.h:327,
                 from ../Drivers/STM32F3xx_HAL_Driver/Inc/stm32f3xx_hal.h:29,
                 from ../Core/Inc/main.h:30,
                 from ../Core/Src/main.c:20:
../Drivers/STM32F3xx_HAL_Driver/Inc/stm32f3xx_hal_uart.h:1489:75: note: expected 'uint8_t *' {aka 'unsigned char *'} but argument is of type 'char *'
 1489 | HAL_StatusTypeDef HAL_UART_Receive_IT(UART_HandleTypeDef *huart, uint8_t *pData, uint16_t Size);
      |                                                                  ~~~~~~~~~^~~~~
../Core/Src/main.c: In function 'HAL_TIM_PeriodElapsedCallback':
../Core/Src/main.c:131:11: warning: implicit declaration of function 'gcvt' [-Wimplicit-function-declaration]
  131 |           gcvt(Temperature, sizeof(Temperature), bufferT);
      |           ^~~~
../Core/Src/main.c:152:54: warning: passing argument 1 of 'strlen' makes pointer from integer without a cast [-Wint-conversion]
  152 |           HAL_UART_Transmit(&huart1, &modoTx, strlen(modoTx), HAL_MAX_DELAY);
      |                                                      ^~~~~~
      |                                                      |
      |                                                      char
In file included from ../Core/Src/main.c:22:
c:\st\stm32cubeide_1.12.0\stm32cubeide\plugins\com.st.stm32cube.ide.mcu.externaltools.gnu-tools-for-stm32.10.3-2021.10.win32_1.0.200.202301161003\tools\arm-none-eabi\include\string.h:41:17: note: expected 'const char *' but argument is of type 'char'
   41 | size_t  strlen (const char *);
      |                 ^~~~~~~~~~~~
../Core/Src/main.c:152:38: warning: pointer targets in passing argument 2 of 'HAL_UART_Transmit' differ in signedness [-Wpointer-sign]
  152 |           HAL_UART_Transmit(&huart1, &modoTx, strlen(modoTx), HAL_MAX_DELAY);
      |                                      ^~~~~~~
      |                                      |
      |                                      char *
In file included from ../Core/Inc/stm32f3xx_hal_conf.h:327,
                 from ../Drivers/STM32F3xx_HAL_Driver/Inc/stm32f3xx_hal.h:29,
                 from ../Core/Inc/main.h:30,
                 from ../Core/Src/main.c:20:
../Drivers/STM32F3xx_HAL_Driver/Inc/stm32f3xx_hal_uart.h:1486:79: note: expected 'const uint8_t *' {aka 'const unsigned char *'} but argument is of type 'char *'
 1486 | HAL_StatusTypeDef HAL_UART_Transmit(UART_HandleTypeDef *huart, const uint8_t *pData, uint16_t Size, uint32_t Timeout);
      |                                                                ~~~~~~~~~~~~~~~^~~~~
../Core/Src/main.c:192:60: warning: passing argument 1 of 'strlen' makes pointer from integer without a cast [-Wint-conversion]
  192 |                 HAL_UART_Transmit(&huart1, &modoTx, strlen(modoTx), HAL_MAX_DELAY);
      |                                                            ^~~~~~
      |                                                            |
      |                                                            char
In file included from ../Core/Src/main.c:22:
c:\st\stm32cubeide_1.12.0\stm32cubeide\plugins\com.st.stm32cube.ide.mcu.externaltools.gnu-tools-for-stm32.10.3-2021.10.win32_1.0.200.202301161003\tools\arm-none-eabi\include\string.h:41:17: note: expected 'const char *' but argument is of type 'char'
   41 | size_t  strlen (const char *);
      |                 ^~~~~~~~~~~~
../Core/Src/main.c:192:44: warning: pointer targets in passing argument 2 of 'HAL_UART_Transmit' differ in signedness [-Wpointer-sign]
  192 |                 HAL_UART_Transmit(&huart1, &modoTx, strlen(modoTx), HAL_MAX_DELAY);
      |                                            ^~~~~~~
      |                                            |
      |                                            char *
In file included from ../Core/Inc/stm32f3xx_hal_conf.h:327,
                 from ../Drivers/STM32F3xx_HAL_Driver/Inc/stm32f3xx_hal.h:29,
                 from ../Core/Inc/main.h:30,
                 from ../Core/Src/main.c:20:
../Drivers/STM32F3xx_HAL_Driver/Inc/stm32f3xx_hal_uart.h:1486:79: note: expected 'const uint8_t *' {aka 'const unsigned char *'} but argument is of type 'char *'
 1486 | HAL_StatusTypeDef HAL_UART_Transmit(UART_HandleTypeDef *huart, const uint8_t *pData, uint16_t Size, uint32_t Timeout);
      |                                                                ~~~~~~~~~~~~~~~^~~~~
../Core/Src/main.c:225:51: warning: passing argument 1 of 'strlen' makes pointer from integer without a cast [-Wint-conversion]
  225 |        HAL_UART_Transmit(&huart1, &modoTx, strlen(modoTx), HAL_MAX_DELAY);
      |                                                   ^~~~~~
      |                                                   |
      |                                                   char
In file included from ../Core/Src/main.c:22:
c:\st\stm32cubeide_1.12.0\stm32cubeide\plugins\com.st.stm32cube.ide.mcu.externaltools.gnu-tools-for-stm32.10.3-2021.10.win32_1.0.200.202301161003\tools\arm-none-eabi\include\string.h:41:17: note: expected 'const char *' but argument is of type 'char'
   41 | size_t  strlen (const char *);
      |                 ^~~~~~~~~~~~
../Core/Src/main.c:225:35: warning: pointer targets in passing argument 2 of 'HAL_UART_Transmit' differ in signedness [-Wpointer-sign]
  225 |        HAL_UART_Transmit(&huart1, &modoTx, strlen(modoTx), HAL_MAX_DELAY);
      |                                   ^~~~~~~
      |                                   |
      |                                   char *
In file included from ../Core/Inc/stm32f3xx_hal_conf.h:327,
                 from ../Drivers/STM32F3xx_HAL_Driver/Inc/stm32f3xx_hal.h:29,
                 from ../Core/Inc/main.h:30,
                 from ../Core/Src/main.c:20:
../Drivers/STM32F3xx_HAL_Driver/Inc/stm32f3xx_hal_uart.h:1486:79: note: expected 'const uint8_t *' {aka 'const unsigned char *'} but argument is of type 'char *'
 1486 | HAL_StatusTypeDef HAL_UART_Transmit(UART_HandleTypeDef *huart, const uint8_t *pData, uint16_t Size, uint32_t Timeout);
      |                                                                ~~~~~~~~~~~~~~~^~~~~
../Core/Src/main.c:265:52: warning: passing argument 1 of 'strlen' makes pointer from integer without a cast [-Wint-conversion]
  265 |         HAL_UART_Transmit(&huart1, &modoTx, strlen(modoTx), HAL_MAX_DELAY);
      |                                                    ^~~~~~
      |                                                    |
      |                                                    char
In file included from ../Core/Src/main.c:22:
c:\st\stm32cubeide_1.12.0\stm32cubeide\plugins\com.st.stm32cube.ide.mcu.externaltools.gnu-tools-for-stm32.10.3-2021.10.win32_1.0.200.202301161003\tools\arm-none-eabi\include\string.h:41:17: note: expected 'const char *' but argument is of type 'char'
   41 | size_t  strlen (const char *);
      |                 ^~~~~~~~~~~~
../Core/Src/main.c:265:36: warning: pointer targets in passing argument 2 of 'HAL_UART_Transmit' differ in signedness [-Wpointer-sign]
  265 |         HAL_UART_Transmit(&huart1, &modoTx, strlen(modoTx), HAL_MAX_DELAY);
      |                                    ^~~~~~~
      |                                    |
      |                                    char *
In file included from ../Core/Inc/stm32f3xx_hal_conf.h:327,
                 from ../Drivers/STM32F3xx_HAL_Driver/Inc/stm32f3xx_hal.h:29,
                 from ../Core/Inc/main.h:30,
                 from ../Core/Src/main.c:20:
../Drivers/STM32F3xx_HAL_Driver/Inc/stm32f3xx_hal_uart.h:1486:79: note: expected 'const uint8_t *' {aka 'const unsigned char *'} but argument is of type 'char *'
 1486 | HAL_StatusTypeDef HAL_UART_Transmit(UART_HandleTypeDef *huart, const uint8_t *pData, uint16_t Size, uint32_t Timeout);
      |                                                                ~~~~~~~~~~~~~~~^~~~~
../Core/Src/main.c: In function 'main':
../Core/Src/main.c:313:33: warning: pointer targets in passing argument 2 of 'HAL_UART_Receive_IT' differ in signedness [-Wpointer-sign]
  313 |    HAL_UART_Receive_IT(&huart1, &msgRx, 1);
      |                                 ^~~~~~
      |                                 |
      |                                 char *
In file included from ../Core/Inc/stm32f3xx_hal_conf.h:327,
                 from ../Drivers/STM32F3xx_HAL_Driver/Inc/stm32f3xx_hal.h:29,
                 from ../Core/Inc/main.h:30,
                 from ../Core/Src/main.c:20:
../Drivers/STM32F3xx_HAL_Driver/Inc/stm32f3xx_hal_uart.h:1489:75: note: expected 'uint8_t *' {aka 'unsigned char *'} but argument is of type 'char *'
 1489 | HAL_StatusTypeDef HAL_UART_Receive_IT(UART_HandleTypeDef *huart, uint8_t *pData, uint16_t Size);
      |                                                                  ~~~~~~~~~^~~~~
arm-none-eabi-gcc -o "Slave.elf" @"objects.list"   -mcpu=cortex-m4 -T"C:\Users\Utente\Desktop\CSD\Schedino\WorkSpace\Progetto\Slave3.0\Slave\STM32F303VCTX_FLASH.ld" --specs=nosys.specs -Wl,-Map="Slave.map" -Wl,--gc-sections -static --specs=nano.specs -mfpu=fpv4-sp-d16 -mfloat-abi=hard -mthumb -Wl,--start-group -lc -lm -Wl,--end-group
Finished building target: Slave.elf
 
arm-none-eabi-size   Slave.elf 
arm-none-eabi-objdump -h -S  Slave.elf  > "Slave.list"
   text	   data	    bss	    dec	    hex	filename
  35372	    124	   2228	  37724	   935c	Slave.elf
Finished building: default.size.stdout
 
Finished building: Slave.list
 

16:36:06 Build Finished. 0 errors, 11 warnings. (took 2s.38ms)

